S 1320e0,1 miss 
L 1b2120,8 miss 
L 1b2104,4 miss 
L 1b2100,4 hit 
L 132100,4 miss eviction 
L 132104,4 hit 
L 132108,4 hit 
L 13210c,4 hit 
L 132110,4 hit 
L 132114,4 hit 
L 132118,4 hit 
L 13211c,4 hit 
S 172100,4 miss eviction 
S 172104,4 hit 
S 172108,4 hit 
S 17210c,4 hit 
S 172110,4 hit 
S 172114,4 hit 
S 172118,4 hit 
S 17211c,4 hit 
L 132180,4 miss 
L 132184,4 hit 
L 132188,4 hit 
L 13218c,4 hit 
L 132190,4 hit 
L 132194,4 hit 
L 132198,4 hit 
L 13219c,4 hit 
S 172180,4 miss eviction 
S 172184,4 hit 
S 172188,4 hit 
S 17218c,4 hit 
S 172190,4 hit 
S 172194,4 hit 
S 172198,4 hit 
S 17219c,4 hit 
L 132200,4 miss 
L 132204,4 hit 
L 132208,4 hit 
L 13220c,4 hit 
L 132210,4 hit 
L 132214,4 hit 
L 132218,4 hit 
L 13221c,4 hit 
S 172200,4 miss eviction 
S 172204,4 hit 
S 172208,4 hit 
S 17220c,4 hit 
S 172210,4 hit 
S 172214,4 hit 
S 172218,4 hit 
S 17221c,4 hit 
L 132280,4 miss 
L 132284,4 hit 
L 132288,4 hit 
L 13228c,4 hit 
L 132290,4 hit 
L 132294,4 hit 
L 132298,4 hit 
L 13229c,4 hit 
S 172280,4 miss eviction 
S 172284,4 hit 
S 172288,4 hit 
S 17228c,4 hit 
S 172290,4 hit 
S 172294,4 hit 
S 172298,4 hit 
S 17229c,4 hit 
L 132300,4 miss 
L 132304,4 hit 
L 132308,4 hit 
L 13230c,4 hit 
L 132310,4 hit 
L 132314,4 hit 
L 132318,4 hit 
L 13231c,4 hit 
S 172300,4 miss eviction 
S 172304,4 hit 
S 172308,4 hit 
S 17230c,4 hit 
S 172310,4 hit 
S 172314,4 hit 
S 172318,4 hit 
S 17231c,4 hit 
L 132380,4 miss 
L 132384,4 hit 
L 132388,4 hit 
L 13238c,4 hit 
L 132390,4 hit 
L 132394,4 hit 
L 132398,4 hit 
L 13239c,4 hit 
S 172380,4 miss eviction 
S 172384,4 hit 
S 172388,4 hit 
S 17238c,4 hit 
S 172390,4 hit 
S 172394,4 hit 
S 172398,4 hit 
S 17239c,4 hit 
L 132400,4 miss 
L 132404,4 hit 
L 132408,4 hit 
L 13240c,4 hit 
L 132410,4 hit 
L 132414,4 hit 
L 132418,4 hit 
L 13241c,4 hit 
S 172400,4 miss eviction 
S 172404,4 hit 
S 172408,4 hit 
S 17240c,4 hit 
S 172410,4 hit 
S 172414,4 hit 
S 172418,4 hit 
S 17241c,4 hit 
L 132480,4 miss 
L 132484,4 hit 
L 132488,4 hit 
L 13248c,4 hit 
L 132490,4 hit 
L 132494,4 hit 
L 132498,4 hit 
L 13249c,4 hit 
S 172480,4 miss eviction 
S 172484,4 hit 
S 172488,4 hit 
S 17248c,4 hit 
S 172490,4 hit 
S 172494,4 hit 
S 172498,4 hit 
S 17249c,4 hit 
L 172100,4 hit 
L 172100,4 hit 
S 172100,4 hit 
S 172100,4 hit 
L 172180,4 hit 
L 172104,4 hit 
S 172180,4 hit 
S 172104,4 hit 
L 172200,4 hit 
L 172108,4 hit 
S 172200,4 hit 
S 172108,4 hit 
L 172280,4 hit 
L 17210c,4 hit 
S 172280,4 hit 
S 17210c,4 hit 
L 172300,4 hit 
L 172110,4 hit 
S 172300,4 hit 
S 172110,4 hit 
L 172380,4 hit 
L 172114,4 hit 
S 172380,4 hit 
S 172114,4 hit 
L 172400,4 hit 
L 172118,4 hit 
S 172400,4 hit 
S 172118,4 hit 
L 172480,4 hit 
L 17211c,4 hit 
S 172480,4 hit 
S 17211c,4 hit 
L 172184,4 hit 
L 172184,4 hit 
S 172184,4 hit 
S 172184,4 hit 
L 172204,4 hit 
L 172188,4 hit 
S 172204,4 hit 
S 172188,4 hit 
L 172284,4 hit 
L 17218c,4 hit 
S 172284,4 hit 
S 17218c,4 hit 
L 172304,4 hit 
L 172190,4 hit 
S 172304,4 hit 
S 172190,4 hit 
L 172384,4 hit 
L 172194,4 hit 
S 172384,4 hit 
S 172194,4 hit 
L 172404,4 hit 
L 172198,4 hit 
S 172404,4 hit 
S 172198,4 hit 
L 172484,4 hit 
L 17219c,4 hit 
S 172484,4 hit 
S 17219c,4 hit 
L 172208,4 hit 
L 172208,4 hit 
S 172208,4 hit 
S 172208,4 hit 
L 172288,4 hit 
L 17220c,4 hit 
S 172288,4 hit 
S 17220c,4 hit 
L 172308,4 hit 
L 172210,4 hit 
S 172308,4 hit 
S 172210,4 hit 
L 172388,4 hit 
L 172214,4 hit 
S 172388,4 hit 
S 172214,4 hit 
L 172408,4 hit 
L 172218,4 hit 
S 172408,4 hit 
S 172218,4 hit 
L 172488,4 hit 
L 17221c,4 hit 
S 172488,4 hit 
S 17221c,4 hit 
L 17228c,4 hit 
L 17228c,4 hit 
S 17228c,4 hit 
S 17228c,4 hit 
L 17230c,4 hit 
L 172290,4 hit 
S 17230c,4 hit 
S 172290,4 hit 
L 17238c,4 hit 
L 172294,4 hit 
S 17238c,4 hit 
S 172294,4 hit 
L 17240c,4 hit 
L 172298,4 hit 
S 17240c,4 hit 
S 172298,4 hit 
L 17248c,4 hit 
L 17229c,4 hit 
S 17248c,4 hit 
S 17229c,4 hit 
L 172310,4 hit 
L 172310,4 hit 
S 172310,4 hit 
S 172310,4 hit 
L 172390,4 hit 
L 172314,4 hit 
S 172390,4 hit 
S 172314,4 hit 
L 172410,4 hit 
L 172318,4 hit 
S 172410,4 hit 
S 172318,4 hit 
L 172490,4 hit 
L 17231c,4 hit 
S 172490,4 hit 
S 17231c,4 hit 
L 172394,4 hit 
L 172394,4 hit 
S 172394,4 hit 
S 172394,4 hit 
L 172414,4 hit 
L 172398,4 hit 
S 172414,4 hit 
S 172398,4 hit 
L 172494,4 hit 
L 17239c,4 hit 
S 172494,4 hit 
S 17239c,4 hit 
L 172418,4 hit 
L 172418,4 hit 
S 172418,4 hit 
S 172418,4 hit 
L 172498,4 hit 
L 17241c,4 hit 
S 172498,4 hit 
S 17241c,4 hit 
L 17249c,4 hit 
L 17249c,4 hit 
S 17249c,4 hit 
S 17249c,4 hit 
L 132120,4 miss eviction 
L 132124,4 hit 
L 132128,4 hit 
L 13212c,4 hit 
L 132130,4 hit 
L 132134,4 hit 
L 132138,4 hit 
L 13213c,4 hit 
S 172500,4 miss eviction 
S 172580,4 miss eviction 
S 172600,4 miss eviction 
S 172680,4 miss eviction 
S 172700,4 miss eviction 
S 172780,4 miss eviction 
S 172800,4 miss eviction 
S 172880,4 miss eviction 
L 1321a0,4 miss 
L 1321a4,4 hit 
L 1321a8,4 hit 
L 1321ac,4 hit 
L 1321b0,4 hit 
L 1321b4,4 hit 
L 1321b8,4 hit 
L 1321bc,4 hit 
S 172504,4 hit 
S 172584,4 hit 
S 172604,4 hit 
S 172684,4 hit 
S 172704,4 hit 
S 172784,4 hit 
S 172804,4 hit 
S 172884,4 hit 
L 132220,4 miss 
L 132224,4 hit 
L 132228,4 hit 
L 13222c,4 hit 
L 132230,4 hit 
L 132234,4 hit 
L 132238,4 hit 
L 13223c,4 hit 
S 172508,4 hit 
S 172588,4 hit 
S 172608,4 hit 
S 172688,4 hit 
S 172708,4 hit 
S 172788,4 hit 
S 172808,4 hit 
S 172888,4 hit 
L 1322a0,4 miss 
L 1322a4,4 hit 
L 1322a8,4 hit 
L 1322ac,4 hit 
L 1322b0,4 hit 
L 1322b4,4 hit 
L 1322b8,4 hit 
L 1322bc,4 hit 
S 17250c,4 hit 
S 17258c,4 hit 
S 17260c,4 hit 
S 17268c,4 hit 
S 17270c,4 hit 
S 17278c,4 hit 
S 17280c,4 hit 
S 17288c,4 hit 
L 132320,4 miss 
L 132324,4 hit 
L 132328,4 hit 
L 13232c,4 hit 
L 132330,4 hit 
L 132334,4 hit 
L 132338,4 hit 
L 13233c,4 hit 
S 172510,4 hit 
S 172590,4 hit 
S 172610,4 hit 
S 172690,4 hit 
S 172710,4 hit 
S 172790,4 hit 
S 172810,4 hit 
S 172890,4 hit 
L 1323a0,4 miss 
L 1323a4,4 hit 
L 1323a8,4 hit 
L 1323ac,4 hit 
L 1323b0,4 hit 
L 1323b4,4 hit 
L 1323b8,4 hit 
L 1323bc,4 hit 
S 172514,4 hit 
S 172594,4 hit 
S 172614,4 hit 
S 172694,4 hit 
S 172714,4 hit 
S 172794,4 hit 
S 172814,4 hit 
S 172894,4 hit 
L 132420,4 miss 
L 132424,4 hit 
L 132428,4 hit 
L 13242c,4 hit 
L 132430,4 hit 
L 132434,4 hit 
L 132438,4 hit 
L 13243c,4 hit 
S 172518,4 hit 
S 172598,4 hit 
S 172618,4 hit 
S 172698,4 hit 
S 172718,4 hit 
S 172798,4 hit 
S 172818,4 hit 
S 172898,4 hit 
L 1324a0,4 miss 
L 1324a4,4 hit 
L 1324a8,4 hit 
L 1324ac,4 hit 
L 1324b0,4 hit 
L 1324b4,4 hit 
L 1324b8,4 hit 
L 1324bc,4 hit 
S 17251c,4 hit 
S 17259c,4 hit 
S 17261c,4 hit 
S 17269c,4 hit 
S 17271c,4 hit 
S 17279c,4 hit 
S 17281c,4 hit 
S 17289c,4 hit 
L 132140,4 miss 
L 132144,4 hit 
L 132148,4 hit 
L 13214c,4 hit 
L 132150,4 hit 
L 132154,4 hit 
L 132158,4 hit 
L 13215c,4 hit 
S 172900,4 miss eviction 
S 172980,4 miss eviction 
S 172a00,4 miss eviction 
S 172a80,4 miss eviction 
S 172b00,4 miss eviction 
S 172b80,4 miss eviction 
S 172c00,4 miss eviction 
S 172c80,4 miss eviction 
L 1321c0,4 miss 
L 1321c4,4 hit 
L 1321c8,4 hit 
L 1321cc,4 hit 
L 1321d0,4 hit 
L 1321d4,4 hit 
L 1321d8,4 hit 
L 1321dc,4 hit 
S 172904,4 hit 
S 172984,4 hit 
S 172a04,4 hit 
S 172a84,4 hit 
S 172b04,4 hit 
S 172b84,4 hit 
S 172c04,4 hit 
S 172c84,4 hit 
L 132240,4 miss 
L 132244,4 hit 
L 132248,4 hit 
L 13224c,4 hit 
L 132250,4 hit 
L 132254,4 hit 
L 132258,4 hit 
L 13225c,4 hit 
S 172908,4 hit 
S 172988,4 hit 
S 172a08,4 hit 
S 172a88,4 hit 
S 172b08,4 hit 
S 172b88,4 hit 
S 172c08,4 hit 
S 172c88,4 hit 
L 1322c0,4 miss 
L 1322c4,4 hit 
L 1322c8,4 hit 
L 1322cc,4 hit 
L 1322d0,4 hit 
L 1322d4,4 hit 
L 1322d8,4 hit 
L 1322dc,4 hit 
S 17290c,4 hit 
S 17298c,4 hit 
S 172a0c,4 hit 
S 172a8c,4 hit 
S 172b0c,4 hit 
S 172b8c,4 hit 
S 172c0c,4 hit 
S 172c8c,4 hit 
L 132340,4 miss 
L 132344,4 hit 
L 132348,4 hit 
L 13234c,4 hit 
L 132350,4 hit 
L 132354,4 hit 
L 132358,4 hit 
L 13235c,4 hit 
S 172910,4 hit 
S 172990,4 hit 
S 172a10,4 hit 
S 172a90,4 hit 
S 172b10,4 hit 
S 172b90,4 hit 
S 172c10,4 hit 
S 172c90,4 hit 
L 1323c0,4 miss 
L 1323c4,4 hit 
L 1323c8,4 hit 
L 1323cc,4 hit 
L 1323d0,4 hit 
L 1323d4,4 hit 
L 1323d8,4 hit 
L 1323dc,4 hit 
S 172914,4 hit 
S 172994,4 hit 
S 172a14,4 hit 
S 172a94,4 hit 
S 172b14,4 hit 
S 172b94,4 hit 
S 172c14,4 hit 
S 172c94,4 hit 
L 132440,4 miss 
L 132444,4 hit 
L 132448,4 hit 
L 13244c,4 hit 
L 132450,4 hit 
L 132454,4 hit 
L 132458,4 hit 
L 13245c,4 hit 
S 172918,4 hit 
S 172998,4 hit 
S 172a18,4 hit 
S 172a98,4 hit 
S 172b18,4 hit 
S 172b98,4 hit 
S 172c18,4 hit 
S 172c98,4 hit 
L 1324c0,4 miss 
L 1324c4,4 hit 
L 1324c8,4 hit 
L 1324cc,4 hit 
L 1324d0,4 hit 
L 1324d4,4 hit 
L 1324d8,4 hit 
L 1324dc,4 hit 
S 17291c,4 hit 
S 17299c,4 hit 
S 172a1c,4 hit 
S 172a9c,4 hit 
S 172b1c,4 hit 
S 172b9c,4 hit 
S 172c1c,4 hit 
S 172c9c,4 hit 
L 132160,4 miss 
L 132164,4 hit 
L 132168,4 hit 
L 13216c,4 hit 
L 132170,4 hit 
L 132174,4 hit 
L 132178,4 hit 
L 13217c,4 hit 
S 172d00,4 miss eviction 
S 172d80,4 miss eviction 
S 172e00,4 miss eviction 
S 172e80,4 miss eviction 
S 172f00,4 miss eviction 
S 172f80,4 miss eviction 
S 173000,4 miss eviction 
S 173080,4 miss eviction 
L 1321e0,4 miss 
L 1321e4,4 hit 
L 1321e8,4 hit 
L 1321ec,4 hit 
L 1321f0,4 hit 
L 1321f4,4 hit 
L 1321f8,4 hit 
L 1321fc,4 hit 
S 172d04,4 hit 
S 172d84,4 hit 
S 172e04,4 hit 
S 172e84,4 hit 
S 172f04,4 hit 
S 172f84,4 hit 
S 173004,4 hit 
S 173084,4 hit 
L 132260,4 miss 
L 132264,4 hit 
L 132268,4 hit 
L 13226c,4 hit 
L 132270,4 hit 
L 132274,4 hit 
L 132278,4 hit 
L 13227c,4 hit 
S 172d08,4 hit 
S 172d88,4 hit 
S 172e08,4 hit 
S 172e88,4 hit 
S 172f08,4 hit 
S 172f88,4 hit 
S 173008,4 hit 
S 173088,4 hit 
L 1322e0,4 miss 
L 1322e4,4 hit 
L 1322e8,4 hit 
L 1322ec,4 hit 
L 1322f0,4 hit 
L 1322f4,4 hit 
L 1322f8,4 hit 
L 1322fc,4 hit 
S 172d0c,4 hit 
S 172d8c,4 hit 
S 172e0c,4 hit 
S 172e8c,4 hit 
S 172f0c,4 hit 
S 172f8c,4 hit 
S 17300c,4 hit 
S 17308c,4 hit 
L 132360,4 miss 
L 132364,4 hit 
L 132368,4 hit 
L 13236c,4 hit 
L 132370,4 hit 
L 132374,4 hit 
L 132378,4 hit 
L 13237c,4 hit 
S 172d10,4 hit 
S 172d90,4 hit 
S 172e10,4 hit 
S 172e90,4 hit 
S 172f10,4 hit 
S 172f90,4 hit 
S 173010,4 hit 
S 173090,4 hit 
L 1323e0,4 miss 
L 1323e4,4 hit 
L 1323e8,4 hit 
L 1323ec,4 hit 
L 1323f0,4 hit 
L 1323f4,4 hit 
L 1323f8,4 hit 
L 1323fc,4 hit 
S 172d14,4 hit 
S 172d94,4 hit 
S 172e14,4 hit 
S 172e94,4 hit 
S 172f14,4 hit 
S 172f94,4 hit 
S 173014,4 hit 
S 173094,4 hit 
L 132460,4 miss 
L 132464,4 hit 
L 132468,4 hit 
L 13246c,4 hit 
L 132470,4 hit 
L 132474,4 hit 
L 132478,4 hit 
L 13247c,4 hit 
S 172d18,4 hit 
S 172d98,4 hit 
S 172e18,4 hit 
S 172e98,4 hit 
S 172f18,4 hit 
S 172f98,4 hit 
S 173018,4 hit 
S 173098,4 hit 
L 1324e0,4 miss eviction 
L 1324e4,4 hit 
L 1324e8,4 hit 
L 1324ec,4 hit 
L 1324f0,4 hit 
L 1324f4,4 hit 
L 1324f8,4 hit 
L 1324fc,4 hit 
S 172d1c,4 hit 
S 172d9c,4 hit 
S 172e1c,4 hit 
S 172e9c,4 hit 
S 172f1c,4 hit 
S 172f9c,4 hit 
S 17301c,4 hit 
S 17309c,4 hit 
L 132500,4 miss eviction 
L 132504,4 hit 
L 132508,4 hit 
L 13250c,4 hit 
L 132510,4 hit 
L 132514,4 hit 
L 132518,4 hit 
L 13251c,4 hit 
S 172120,4 miss eviction 
S 1721a0,4 miss eviction 
S 172220,4 miss eviction 
S 1722a0,4 miss eviction 
S 172320,4 miss eviction 
S 1723a0,4 miss eviction 
S 172420,4 miss eviction 
S 1724a0,4 miss eviction 
L 132580,4 miss eviction 
L 132584,4 hit 
L 132588,4 hit 
L 13258c,4 hit 
L 132590,4 hit 
L 132594,4 hit 
L 132598,4 hit 
L 13259c,4 hit 
S 172124,4 hit 
S 1721a4,4 hit 
S 172224,4 hit 
S 1722a4,4 hit 
S 172324,4 hit 
S 1723a4,4 hit 
S 172424,4 hit 
S 1724a4,4 hit 
L 132600,4 miss eviction 
L 132604,4 hit 
L 132608,4 hit 
L 13260c,4 hit 
L 132610,4 hit 
L 132614,4 hit 
L 132618,4 hit 
L 13261c,4 hit 
S 172128,4 hit 
S 1721a8,4 hit 
S 172228,4 hit 
S 1722a8,4 hit 
S 172328,4 hit 
S 1723a8,4 hit 
S 172428,4 hit 
S 1724a8,4 hit 
L 132680,4 miss eviction 
L 132684,4 hit 
L 132688,4 hit 
L 13268c,4 hit 
L 132690,4 hit 
L 132694,4 hit 
L 132698,4 hit 
L 13269c,4 hit 
S 17212c,4 hit 
S 1721ac,4 hit 
S 17222c,4 hit 
S 1722ac,4 hit 
S 17232c,4 hit 
S 1723ac,4 hit 
S 17242c,4 hit 
S 1724ac,4 hit 
L 132700,4 miss eviction 
L 132704,4 hit 
L 132708,4 hit 
L 13270c,4 hit 
L 132710,4 hit 
L 132714,4 hit 
L 132718,4 hit 
L 13271c,4 hit 
S 172130,4 hit 
S 1721b0,4 hit 
S 172230,4 hit 
S 1722b0,4 hit 
S 172330,4 hit 
S 1723b0,4 hit 
S 172430,4 hit 
S 1724b0,4 hit 
L 132780,4 miss eviction 
L 132784,4 hit 
L 132788,4 hit 
L 13278c,4 hit 
L 132790,4 hit 
L 132794,4 hit 
L 132798,4 hit 
L 13279c,4 hit 
S 172134,4 hit 
S 1721b4,4 hit 
S 172234,4 hit 
S 1722b4,4 hit 
S 172334,4 hit 
S 1723b4,4 hit 
S 172434,4 hit 
S 1724b4,4 hit 
L 132800,4 miss eviction 
L 132804,4 hit 
L 132808,4 hit 
L 13280c,4 hit 
L 132810,4 hit 
L 132814,4 hit 
L 132818,4 hit 
L 13281c,4 hit 
S 172138,4 hit 
S 1721b8,4 hit 
S 172238,4 hit 
S 1722b8,4 hit 
S 172338,4 hit 
S 1723b8,4 hit 
S 172438,4 hit 
S 1724b8,4 hit 
L 132880,4 miss eviction 
L 132884,4 hit 
L 132888,4 hit 
L 13288c,4 hit 
L 132890,4 hit 
L 132894,4 hit 
L 132898,4 hit 
L 13289c,4 hit 
S 17213c,4 hit 
S 1721bc,4 hit 
S 17223c,4 hit 
S 1722bc,4 hit 
S 17233c,4 hit 
S 1723bc,4 hit 
S 17243c,4 hit 
S 1724bc,4 hit 
L 132520,4 miss eviction 
L 132524,4 hit 
L 132528,4 hit 
L 13252c,4 hit 
L 132530,4 hit 
L 132534,4 hit 
L 132538,4 hit 
L 13253c,4 hit 
S 172520,4 miss eviction 
S 172524,4 hit 
S 172528,4 hit 
S 17252c,4 hit 
S 172530,4 hit 
S 172534,4 hit 
S 172538,4 hit 
S 17253c,4 hit 
L 1325a0,4 miss eviction 
L 1325a4,4 hit 
L 1325a8,4 hit 
L 1325ac,4 hit 
L 1325b0,4 hit 
L 1325b4,4 hit 
L 1325b8,4 hit 
L 1325bc,4 hit 
S 1725a0,4 miss eviction 
S 1725a4,4 hit 
S 1725a8,4 hit 
S 1725ac,4 hit 
S 1725b0,4 hit 
S 1725b4,4 hit 
S 1725b8,4 hit 
S 1725bc,4 hit 
L 132620,4 miss eviction 
L 132624,4 hit 
L 132628,4 hit 
L 13262c,4 hit 
L 132630,4 hit 
L 132634,4 hit 
L 132638,4 hit 
L 13263c,4 hit 
S 172620,4 miss eviction 
S 172624,4 hit 
S 172628,4 hit 
S 17262c,4 hit 
S 172630,4 hit 
S 172634,4 hit 
S 172638,4 hit 
S 17263c,4 hit 
L 1326a0,4 miss eviction 
L 1326a4,4 hit 
L 1326a8,4 hit 
L 1326ac,4 hit 
L 1326b0,4 hit 
L 1326b4,4 hit 
L 1326b8,4 hit 
L 1326bc,4 hit 
S 1726a0,4 miss eviction 
S 1726a4,4 hit 
S 1726a8,4 hit 
S 1726ac,4 hit 
S 1726b0,4 hit 
S 1726b4,4 hit 
S 1726b8,4 hit 
S 1726bc,4 hit 
L 132720,4 miss eviction 
L 132724,4 hit 
L 132728,4 hit 
L 13272c,4 hit 
L 132730,4 hit 
L 132734,4 hit 
L 132738,4 hit 
L 13273c,4 hit 
S 172720,4 miss eviction 
S 172724,4 hit 
S 172728,4 hit 
S 17272c,4 hit 
S 172730,4 hit 
S 172734,4 hit 
S 172738,4 hit 
S 17273c,4 hit 
L 1327a0,4 miss eviction 
L 1327a4,4 hit 
L 1327a8,4 hit 
L 1327ac,4 hit 
L 1327b0,4 hit 
L 1327b4,4 hit 
L 1327b8,4 hit 
L 1327bc,4 hit 
S 1727a0,4 miss eviction 
S 1727a4,4 hit 
S 1727a8,4 hit 
S 1727ac,4 hit 
S 1727b0,4 hit 
S 1727b4,4 hit 
S 1727b8,4 hit 
S 1727bc,4 hit 
L 132820,4 miss eviction 
L 132824,4 hit 
L 132828,4 hit 
L 13282c,4 hit 
L 132830,4 hit 
L 132834,4 hit 
L 132838,4 hit 
L 13283c,4 hit 
S 172820,4 miss eviction 
S 172824,4 hit 
S 172828,4 hit 
S 17282c,4 hit 
S 172830,4 hit 
S 172834,4 hit 
S 172838,4 hit 
S 17283c,4 hit 
L 1328a0,4 miss eviction 
L 1328a4,4 hit 
L 1328a8,4 hit 
L 1328ac,4 hit 
L 1328b0,4 hit 
L 1328b4,4 hit 
L 1328b8,4 hit 
L 1328bc,4 hit 
S 1728a0,4 miss eviction 
S 1728a4,4 hit 
S 1728a8,4 hit 
S 1728ac,4 hit 
S 1728b0,4 hit 
S 1728b4,4 hit 
S 1728b8,4 hit 
S 1728bc,4 hit 
L 172520,4 hit 
L 172520,4 hit 
S 172520,4 hit 
S 172520,4 hit 
L 1725a0,4 hit 
L 172524,4 hit 
S 1725a0,4 hit 
S 172524,4 hit 
L 172620,4 hit 
L 172528,4 hit 
S 172620,4 hit 
S 172528,4 hit 
L 1726a0,4 hit 
L 17252c,4 hit 
S 1726a0,4 hit 
S 17252c,4 hit 
L 172720,4 hit 
L 172530,4 hit 
S 172720,4 hit 
S 172530,4 hit 
L 1727a0,4 hit 
L 172534,4 hit 
S 1727a0,4 hit 
S 172534,4 hit 
L 172820,4 hit 
L 172538,4 hit 
S 172820,4 hit 
S 172538,4 hit 
L 1728a0,4 hit 
L 17253c,4 hit 
S 1728a0,4 hit 
S 17253c,4 hit 
L 1725a4,4 hit 
L 1725a4,4 hit 
S 1725a4,4 hit 
S 1725a4,4 hit 
L 172624,4 hit 
L 1725a8,4 hit 
S 172624,4 hit 
S 1725a8,4 hit 
L 1726a4,4 hit 
L 1725ac,4 hit 
S 1726a4,4 hit 
S 1725ac,4 hit 
L 172724,4 hit 
L 1725b0,4 hit 
S 172724,4 hit 
S 1725b0,4 hit 
L 1727a4,4 hit 
L 1725b4,4 hit 
S 1727a4,4 hit 
S 1725b4,4 hit 
L 172824,4 hit 
L 1725b8,4 hit 
S 172824,4 hit 
S 1725b8,4 hit 
L 1728a4,4 hit 
L 1725bc,4 hit 
S 1728a4,4 hit 
S 1725bc,4 hit 
L 172628,4 hit 
L 172628,4 hit 
S 172628,4 hit 
S 172628,4 hit 
L 1726a8,4 hit 
L 17262c,4 hit 
S 1726a8,4 hit 
S 17262c,4 hit 
L 172728,4 hit 
L 172630,4 hit 
S 172728,4 hit 
S 172630,4 hit 
L 1727a8,4 hit 
L 172634,4 hit 
S 1727a8,4 hit 
S 172634,4 hit 
L 172828,4 hit 
L 172638,4 hit 
S 172828,4 hit 
S 172638,4 hit 
L 1728a8,4 hit 
L 17263c,4 hit 
S 1728a8,4 hit 
S 17263c,4 hit 
L 1726ac,4 hit 
L 1726ac,4 hit 
S 1726ac,4 hit 
S 1726ac,4 hit 
L 17272c,4 hit 
L 1726b0,4 hit 
S 17272c,4 hit 
S 1726b0,4 hit 
L 1727ac,4 hit 
L 1726b4,4 hit 
S 1727ac,4 hit 
S 1726b4,4 hit 
L 17282c,4 hit 
L 1726b8,4 hit 
S 17282c,4 hit 
S 1726b8,4 hit 
L 1728ac,4 hit 
L 1726bc,4 hit 
S 1728ac,4 hit 
S 1726bc,4 hit 
L 172730,4 hit 
L 172730,4 hit 
S 172730,4 hit 
S 172730,4 hit 
L 1727b0,4 hit 
L 172734,4 hit 
S 1727b0,4 hit 
S 172734,4 hit 
L 172830,4 hit 
L 172738,4 hit 
S 172830,4 hit 
S 172738,4 hit 
L 1728b0,4 hit 
L 17273c,4 hit 
S 1728b0,4 hit 
S 17273c,4 hit 
L 1727b4,4 hit 
L 1727b4,4 hit 
S 1727b4,4 hit 
S 1727b4,4 hit 
L 172834,4 hit 
L 1727b8,4 hit 
S 172834,4 hit 
S 1727b8,4 hit 
L 1728b4,4 hit 
L 1727bc,4 hit 
S 1728b4,4 hit 
S 1727bc,4 hit 
L 172838,4 hit 
L 172838,4 hit 
S 172838,4 hit 
S 172838,4 hit 
L 1728b8,4 hit 
L 17283c,4 hit 
S 1728b8,4 hit 
S 17283c,4 hit 
L 1728bc,4 hit 
L 1728bc,4 hit 
S 1728bc,4 hit 
S 1728bc,4 hit 
L 132540,4 miss eviction 
L 132544,4 hit 
L 132548,4 hit 
L 13254c,4 hit 
L 132550,4 hit 
L 132554,4 hit 
L 132558,4 hit 
L 13255c,4 hit 
S 172920,4 miss eviction 
S 1729a0,4 miss eviction 
S 172a20,4 miss eviction 
S 172aa0,4 miss eviction 
S 172b20,4 miss eviction 
S 172ba0,4 miss eviction 
S 172c20,4 miss eviction 
S 172ca0,4 miss eviction 
L 1325c0,4 miss eviction 
L 1325c4,4 hit 
L 1325c8,4 hit 
L 1325cc,4 hit 
L 1325d0,4 hit 
L 1325d4,4 hit 
L 1325d8,4 hit 
L 1325dc,4 hit 
S 172924,4 hit 
S 1729a4,4 hit 
S 172a24,4 hit 
S 172aa4,4 hit 
S 172b24,4 hit 
S 172ba4,4 hit 
S 172c24,4 hit 
S 172ca4,4 hit 
L 132640,4 miss eviction 
L 132644,4 hit 
L 132648,4 hit 
L 13264c,4 hit 
L 132650,4 hit 
L 132654,4 hit 
L 132658,4 hit 
L 13265c,4 hit 
S 172928,4 hit 
S 1729a8,4 hit 
S 172a28,4 hit 
S 172aa8,4 hit 
S 172b28,4 hit 
S 172ba8,4 hit 
S 172c28,4 hit 
S 172ca8,4 hit 
L 1326c0,4 miss eviction 
L 1326c4,4 hit 
L 1326c8,4 hit 
L 1326cc,4 hit 
L 1326d0,4 hit 
L 1326d4,4 hit 
L 1326d8,4 hit 
L 1326dc,4 hit 
S 17292c,4 hit 
S 1729ac,4 hit 
S 172a2c,4 hit 
S 172aac,4 hit 
S 172b2c,4 hit 
S 172bac,4 hit 
S 172c2c,4 hit 
S 172cac,4 hit 
L 132740,4 miss eviction 
L 132744,4 hit 
L 132748,4 hit 
L 13274c,4 hit 
L 132750,4 hit 
L 132754,4 hit 
L 132758,4 hit 
L 13275c,4 hit 
S 172930,4 hit 
S 1729b0,4 hit 
S 172a30,4 hit 
S 172ab0,4 hit 
S 172b30,4 hit 
S 172bb0,4 hit 
S 172c30,4 hit 
S 172cb0,4 hit 
L 1327c0,4 miss eviction 
L 1327c4,4 hit 
L 1327c8,4 hit 
L 1327cc,4 hit 
L 1327d0,4 hit 
L 1327d4,4 hit 
L 1327d8,4 hit 
L 1327dc,4 hit 
S 172934,4 hit 
S 1729b4,4 hit 
S 172a34,4 hit 
S 172ab4,4 hit 
S 172b34,4 hit 
S 172bb4,4 hit 
S 172c34,4 hit 
S 172cb4,4 hit 
L 132840,4 miss eviction 
L 132844,4 hit 
L 132848,4 hit 
L 13284c,4 hit 
L 132850,4 hit 
L 132854,4 hit 
L 132858,4 hit 
L 13285c,4 hit 
S 172938,4 hit 
S 1729b8,4 hit 
S 172a38,4 hit 
S 172ab8,4 hit 
S 172b38,4 hit 
S 172bb8,4 hit 
S 172c38,4 hit 
S 172cb8,4 hit 
L 1328c0,4 miss eviction 
L 1328c4,4 hit 
L 1328c8,4 hit 
L 1328cc,4 hit 
L 1328d0,4 hit 
L 1328d4,4 hit 
L 1328d8,4 hit 
L 1328dc,4 hit 
S 17293c,4 hit 
S 1729bc,4 hit 
S 172a3c,4 hit 
S 172abc,4 hit 
S 172b3c,4 hit 
S 172bbc,4 hit 
S 172c3c,4 hit 
S 172cbc,4 hit 
L 132560,4 miss eviction 
L 132564,4 hit 
L 132568,4 hit 
L 13256c,4 hit 
L 132570,4 hit 
L 132574,4 hit 
L 132578,4 hit 
L 13257c,4 hit 
S 172d20,4 miss eviction 
S 172da0,4 miss eviction 
S 172e20,4 miss eviction 
S 172ea0,4 miss eviction 
S 172f20,4 miss eviction 
S 172fa0,4 miss eviction 
S 173020,4 miss eviction 
S 1730a0,4 miss eviction 
L 1325e0,4 miss eviction 
L 1325e4,4 hit 
L 1325e8,4 hit 
L 1325ec,4 hit 
L 1325f0,4 hit 
L 1325f4,4 hit 
L 1325f8,4 hit 
L 1325fc,4 hit 
S 172d24,4 hit 
S 172da4,4 hit 
S 172e24,4 hit 
S 172ea4,4 hit 
S 172f24,4 hit 
S 172fa4,4 hit 
S 173024,4 hit 
S 1730a4,4 hit 
L 132660,4 miss eviction 
L 132664,4 hit 
L 132668,4 hit 
L 13266c,4 hit 
L 132670,4 hit 
L 132674,4 hit 
L 132678,4 hit 
L 13267c,4 hit 
S 172d28,4 hit 
S 172da8,4 hit 
S 172e28,4 hit 
S 172ea8,4 hit 
S 172f28,4 hit 
S 172fa8,4 hit 
S 173028,4 hit 
S 1730a8,4 hit 
L 1326e0,4 miss eviction 
L 1326e4,4 hit 
L 1326e8,4 hit 
L 1326ec,4 hit 
L 1326f0,4 hit 
L 1326f4,4 hit 
L 1326f8,4 hit 
L 1326fc,4 hit 
S 172d2c,4 hit 
S 172dac,4 hit 
S 172e2c,4 hit 
S 172eac,4 hit 
S 172f2c,4 hit 
S 172fac,4 hit 
S 17302c,4 hit 
S 1730ac,4 hit 
L 132760,4 miss eviction 
L 132764,4 hit 
L 132768,4 hit 
L 13276c,4 hit 
L 132770,4 hit 
L 132774,4 hit 
L 132778,4 hit 
L 13277c,4 hit 
S 172d30,4 hit 
S 172db0,4 hit 
S 172e30,4 hit 
S 172eb0,4 hit 
S 172f30,4 hit 
S 172fb0,4 hit 
S 173030,4 hit 
S 1730b0,4 hit 
L 1327e0,4 miss eviction 
L 1327e4,4 hit 
L 1327e8,4 hit 
L 1327ec,4 hit 
L 1327f0,4 hit 
L 1327f4,4 hit 
L 1327f8,4 hit 
L 1327fc,4 hit 
S 172d34,4 hit 
S 172db4,4 hit 
S 172e34,4 hit 
S 172eb4,4 hit 
S 172f34,4 hit 
S 172fb4,4 hit 
S 173034,4 hit 
S 1730b4,4 hit 
L 132860,4 miss eviction 
L 132864,4 hit 
L 132868,4 hit 
L 13286c,4 hit 
L 132870,4 hit 
L 132874,4 hit 
L 132878,4 hit 
L 13287c,4 hit 
S 172d38,4 hit 
S 172db8,4 hit 
S 172e38,4 hit 
S 172eb8,4 hit 
S 172f38,4 hit 
S 172fb8,4 hit 
S 173038,4 hit 
S 1730b8,4 hit 
L 1328e0,4 miss eviction 
L 1328e4,4 hit 
L 1328e8,4 hit 
L 1328ec,4 hit 
L 1328f0,4 hit 
L 1328f4,4 hit 
L 1328f8,4 hit 
L 1328fc,4 hit 
S 172d3c,4 hit 
S 172dbc,4 hit 
S 172e3c,4 hit 
S 172ebc,4 hit 
S 172f3c,4 hit 
S 172fbc,4 hit 
S 17303c,4 hit 
S 1730bc,4 hit 
L 132900,4 miss eviction 
L 132904,4 hit 
L 132908,4 hit 
L 13290c,4 hit 
L 132910,4 hit 
L 132914,4 hit 
L 132918,4 hit 
L 13291c,4 hit 
S 172140,4 miss eviction 
S 1721c0,4 miss eviction 
S 172240,4 miss eviction 
S 1722c0,4 miss eviction 
S 172340,4 miss eviction 
S 1723c0,4 miss eviction 
S 172440,4 miss eviction 
S 1724c0,4 miss eviction 
L 132980,4 miss eviction 
L 132984,4 hit 
L 132988,4 hit 
L 13298c,4 hit 
L 132990,4 hit 
L 132994,4 hit 
L 132998,4 hit 
L 13299c,4 hit 
S 172144,4 hit 
S 1721c4,4 hit 
S 172244,4 hit 
S 1722c4,4 hit 
S 172344,4 hit 
S 1723c4,4 hit 
S 172444,4 hit 
S 1724c4,4 hit 
L 132a00,4 miss eviction 
L 132a04,4 hit 
L 132a08,4 hit 
L 132a0c,4 hit 
L 132a10,4 hit 
L 132a14,4 hit 
L 132a18,4 hit 
L 132a1c,4 hit 
S 172148,4 hit 
S 1721c8,4 hit 
S 172248,4 hit 
S 1722c8,4 hit 
S 172348,4 hit 
S 1723c8,4 hit 
S 172448,4 hit 
S 1724c8,4 hit 
L 132a80,4 miss eviction 
L 132a84,4 hit 
L 132a88,4 hit 
L 132a8c,4 hit 
L 132a90,4 hit 
L 132a94,4 hit 
L 132a98,4 hit 
L 132a9c,4 hit 
S 17214c,4 hit 
S 1721cc,4 hit 
S 17224c,4 hit 
S 1722cc,4 hit 
S 17234c,4 hit 
S 1723cc,4 hit 
S 17244c,4 hit 
S 1724cc,4 hit 
L 132b00,4 miss eviction 
L 132b04,4 hit 
L 132b08,4 hit 
L 132b0c,4 hit 
L 132b10,4 hit 
L 132b14,4 hit 
L 132b18,4 hit 
L 132b1c,4 hit 
S 172150,4 hit 
S 1721d0,4 hit 
S 172250,4 hit 
S 1722d0,4 hit 
S 172350,4 hit 
S 1723d0,4 hit 
S 172450,4 hit 
S 1724d0,4 hit 
L 132b80,4 miss eviction 
L 132b84,4 hit 
L 132b88,4 hit 
L 132b8c,4 hit 
L 132b90,4 hit 
L 132b94,4 hit 
L 132b98,4 hit 
L 132b9c,4 hit 
S 172154,4 hit 
S 1721d4,4 hit 
S 172254,4 hit 
S 1722d4,4 hit 
S 172354,4 hit 
S 1723d4,4 hit 
S 172454,4 hit 
S 1724d4,4 hit 
L 132c00,4 miss eviction 
L 132c04,4 hit 
L 132c08,4 hit 
L 132c0c,4 hit 
L 132c10,4 hit 
L 132c14,4 hit 
L 132c18,4 hit 
L 132c1c,4 hit 
S 172158,4 hit 
S 1721d8,4 hit 
S 172258,4 hit 
S 1722d8,4 hit 
S 172358,4 hit 
S 1723d8,4 hit 
S 172458,4 hit 
S 1724d8,4 hit 
L 132c80,4 miss eviction 
L 132c84,4 hit 
L 132c88,4 hit 
L 132c8c,4 hit 
L 132c90,4 hit 
L 132c94,4 hit 
L 132c98,4 hit 
L 132c9c,4 hit 
S 17215c,4 hit 
S 1721dc,4 hit 
S 17225c,4 hit 
S 1722dc,4 hit 
S 17235c,4 hit 
S 1723dc,4 hit 
S 17245c,4 hit 
S 1724dc,4 hit 
L 132920,4 miss eviction 
L 132924,4 hit 
L 132928,4 hit 
L 13292c,4 hit 
L 132930,4 hit 
L 132934,4 hit 
L 132938,4 hit 
L 13293c,4 hit 
S 172540,4 miss eviction 
S 1725c0,4 miss eviction 
S 172640,4 miss eviction 
S 1726c0,4 miss eviction 
S 172740,4 miss eviction 
S 1727c0,4 miss eviction 
S 172840,4 miss eviction 
S 1728c0,4 miss eviction 
L 1329a0,4 miss eviction 
L 1329a4,4 hit 
L 1329a8,4 hit 
L 1329ac,4 hit 
L 1329b0,4 hit 
L 1329b4,4 hit 
L 1329b8,4 hit 
L 1329bc,4 hit 
S 172544,4 hit 
S 1725c4,4 hit 
S 172644,4 hit 
S 1726c4,4 hit 
S 172744,4 hit 
S 1727c4,4 hit 
S 172844,4 hit 
S 1728c4,4 hit 
L 132a20,4 miss eviction 
L 132a24,4 hit 
L 132a28,4 hit 
L 132a2c,4 hit 
L 132a30,4 hit 
L 132a34,4 hit 
L 132a38,4 hit 
L 132a3c,4 hit 
S 172548,4 hit 
S 1725c8,4 hit 
S 172648,4 hit 
S 1726c8,4 hit 
S 172748,4 hit 
S 1727c8,4 hit 
S 172848,4 hit 
S 1728c8,4 hit 
L 132aa0,4 miss eviction 
L 132aa4,4 hit 
L 132aa8,4 hit 
L 132aac,4 hit 
L 132ab0,4 hit 
L 132ab4,4 hit 
L 132ab8,4 hit 
L 132abc,4 hit 
S 17254c,4 hit 
S 1725cc,4 hit 
S 17264c,4 hit 
S 1726cc,4 hit 
S 17274c,4 hit 
S 1727cc,4 hit 
S 17284c,4 hit 
S 1728cc,4 hit 
L 132b20,4 miss eviction 
L 132b24,4 hit 
L 132b28,4 hit 
L 132b2c,4 hit 
L 132b30,4 hit 
L 132b34,4 hit 
L 132b38,4 hit 
L 132b3c,4 hit 
S 172550,4 hit 
S 1725d0,4 hit 
S 172650,4 hit 
S 1726d0,4 hit 
S 172750,4 hit 
S 1727d0,4 hit 
S 172850,4 hit 
S 1728d0,4 hit 
L 132ba0,4 miss eviction 
L 132ba4,4 hit 
L 132ba8,4 hit 
L 132bac,4 hit 
L 132bb0,4 hit 
L 132bb4,4 hit 
L 132bb8,4 hit 
L 132bbc,4 hit 
S 172554,4 hit 
S 1725d4,4 hit 
S 172654,4 hit 
S 1726d4,4 hit 
S 172754,4 hit 
S 1727d4,4 hit 
S 172854,4 hit 
S 1728d4,4 hit 
L 132c20,4 miss eviction 
L 132c24,4 hit 
L 132c28,4 hit 
L 132c2c,4 hit 
L 132c30,4 hit 
L 132c34,4 hit 
L 132c38,4 hit 
L 132c3c,4 hit 
S 172558,4 hit 
S 1725d8,4 hit 
S 172658,4 hit 
S 1726d8,4 hit 
S 172758,4 hit 
S 1727d8,4 hit 
S 172858,4 hit 
S 1728d8,4 hit 
L 132ca0,4 miss eviction 
L 132ca4,4 hit 
L 132ca8,4 hit 
L 132cac,4 hit 
L 132cb0,4 hit 
L 132cb4,4 hit 
L 132cb8,4 hit 
L 132cbc,4 hit 
S 17255c,4 hit 
S 1725dc,4 hit 
S 17265c,4 hit 
S 1726dc,4 hit 
S 17275c,4 hit 
S 1727dc,4 hit 
S 17285c,4 hit 
S 1728dc,4 hit 
L 132940,4 miss eviction 
L 132944,4 hit 
L 132948,4 hit 
L 13294c,4 hit 
L 132950,4 hit 
L 132954,4 hit 
L 132958,4 hit 
L 13295c,4 hit 
S 172940,4 miss eviction 
S 172944,4 hit 
S 172948,4 hit 
S 17294c,4 hit 
S 172950,4 hit 
S 172954,4 hit 
S 172958,4 hit 
S 17295c,4 hit 
L 1329c0,4 miss eviction 
L 1329c4,4 hit 
L 1329c8,4 hit 
L 1329cc,4 hit 
L 1329d0,4 hit 
L 1329d4,4 hit 
L 1329d8,4 hit 
L 1329dc,4 hit 
S 1729c0,4 miss eviction 
S 1729c4,4 hit 
S 1729c8,4 hit 
S 1729cc,4 hit 
S 1729d0,4 hit 
S 1729d4,4 hit 
S 1729d8,4 hit 
S 1729dc,4 hit 
L 132a40,4 miss eviction 
L 132a44,4 hit 
L 132a48,4 hit 
L 132a4c,4 hit 
L 132a50,4 hit 
L 132a54,4 hit 
L 132a58,4 hit 
L 132a5c,4 hit 
S 172a40,4 miss eviction 
S 172a44,4 hit 
S 172a48,4 hit 
S 172a4c,4 hit 
S 172a50,4 hit 
S 172a54,4 hit 
S 172a58,4 hit 
S 172a5c,4 hit 
L 132ac0,4 miss eviction 
L 132ac4,4 hit 
L 132ac8,4 hit 
L 132acc,4 hit 
L 132ad0,4 hit 
L 132ad4,4 hit 
L 132ad8,4 hit 
L 132adc,4 hit 
S 172ac0,4 miss eviction 
S 172ac4,4 hit 
S 172ac8,4 hit 
S 172acc,4 hit 
S 172ad0,4 hit 
S 172ad4,4 hit 
S 172ad8,4 hit 
S 172adc,4 hit 
L 132b40,4 miss eviction 
L 132b44,4 hit 
L 132b48,4 hit 
L 132b4c,4 hit 
L 132b50,4 hit 
L 132b54,4 hit 
L 132b58,4 hit 
L 132b5c,4 hit 
S 172b40,4 miss eviction 
S 172b44,4 hit 
S 172b48,4 hit 
S 172b4c,4 hit 
S 172b50,4 hit 
S 172b54,4 hit 
S 172b58,4 hit 
S 172b5c,4 hit 
L 132bc0,4 miss eviction 
L 132bc4,4 hit 
L 132bc8,4 hit 
L 132bcc,4 hit 
L 132bd0,4 hit 
L 132bd4,4 hit 
L 132bd8,4 hit 
L 132bdc,4 hit 
S 172bc0,4 miss eviction 
S 172bc4,4 hit 
S 172bc8,4 hit 
S 172bcc,4 hit 
S 172bd0,4 hit 
S 172bd4,4 hit 
S 172bd8,4 hit 
S 172bdc,4 hit 
L 132c40,4 miss eviction 
L 132c44,4 hit 
L 132c48,4 hit 
L 132c4c,4 hit 
L 132c50,4 hit 
L 132c54,4 hit 
L 132c58,4 hit 
L 132c5c,4 hit 
S 172c40,4 miss eviction 
S 172c44,4 hit 
S 172c48,4 hit 
S 172c4c,4 hit 
S 172c50,4 hit 
S 172c54,4 hit 
S 172c58,4 hit 
S 172c5c,4 hit 
L 132cc0,4 miss eviction 
L 132cc4,4 hit 
L 132cc8,4 hit 
L 132ccc,4 hit 
L 132cd0,4 hit 
L 132cd4,4 hit 
L 132cd8,4 hit 
L 132cdc,4 hit 
S 172cc0,4 miss eviction 
S 172cc4,4 hit 
S 172cc8,4 hit 
S 172ccc,4 hit 
S 172cd0,4 hit 
S 172cd4,4 hit 
S 172cd8,4 hit 
S 172cdc,4 hit 
L 172940,4 hit 
L 172940,4 hit 
S 172940,4 hit 
S 172940,4 hit 
L 1729c0,4 hit 
L 172944,4 hit 
S 1729c0,4 hit 
S 172944,4 hit 
L 172a40,4 hit 
L 172948,4 hit 
S 172a40,4 hit 
S 172948,4 hit 
L 172ac0,4 hit 
L 17294c,4 hit 
S 172ac0,4 hit 
S 17294c,4 hit 
L 172b40,4 hit 
L 172950,4 hit 
S 172b40,4 hit 
S 172950,4 hit 
L 172bc0,4 hit 
L 172954,4 hit 
S 172bc0,4 hit 
S 172954,4 hit 
L 172c40,4 hit 
L 172958,4 hit 
S 172c40,4 hit 
S 172958,4 hit 
L 172cc0,4 hit 
L 17295c,4 hit 
S 172cc0,4 hit 
S 17295c,4 hit 
L 1729c4,4 hit 
L 1729c4,4 hit 
S 1729c4,4 hit 
S 1729c4,4 hit 
L 172a44,4 hit 
L 1729c8,4 hit 
S 172a44,4 hit 
S 1729c8,4 hit 
L 172ac4,4 hit 
L 1729cc,4 hit 
S 172ac4,4 hit 
S 1729cc,4 hit 
L 172b44,4 hit 
L 1729d0,4 hit 
S 172b44,4 hit 
S 1729d0,4 hit 
L 172bc4,4 hit 
L 1729d4,4 hit 
S 172bc4,4 hit 
S 1729d4,4 hit 
L 172c44,4 hit 
L 1729d8,4 hit 
S 172c44,4 hit 
S 1729d8,4 hit 
L 172cc4,4 hit 
L 1729dc,4 hit 
S 172cc4,4 hit 
S 1729dc,4 hit 
L 172a48,4 hit 
L 172a48,4 hit 
S 172a48,4 hit 
S 172a48,4 hit 
L 172ac8,4 hit 
L 172a4c,4 hit 
S 172ac8,4 hit 
S 172a4c,4 hit 
L 172b48,4 hit 
L 172a50,4 hit 
S 172b48,4 hit 
S 172a50,4 hit 
L 172bc8,4 hit 
L 172a54,4 hit 
S 172bc8,4 hit 
S 172a54,4 hit 
L 172c48,4 hit 
L 172a58,4 hit 
S 172c48,4 hit 
S 172a58,4 hit 
L 172cc8,4 hit 
L 172a5c,4 hit 
S 172cc8,4 hit 
S 172a5c,4 hit 
L 172acc,4 hit 
L 172acc,4 hit 
S 172acc,4 hit 
S 172acc,4 hit 
L 172b4c,4 hit 
L 172ad0,4 hit 
S 172b4c,4 hit 
S 172ad0,4 hit 
L 172bcc,4 hit 
L 172ad4,4 hit 
S 172bcc,4 hit 
S 172ad4,4 hit 
L 172c4c,4 hit 
L 172ad8,4 hit 
S 172c4c,4 hit 
S 172ad8,4 hit 
L 172ccc,4 hit 
L 172adc,4 hit 
S 172ccc,4 hit 
S 172adc,4 hit 
L 172b50,4 hit 
L 172b50,4 hit 
S 172b50,4 hit 
S 172b50,4 hit 
L 172bd0,4 hit 
L 172b54,4 hit 
S 172bd0,4 hit 
S 172b54,4 hit 
L 172c50,4 hit 
L 172b58,4 hit 
S 172c50,4 hit 
S 172b58,4 hit 
L 172cd0,4 hit 
L 172b5c,4 hit 
S 172cd0,4 hit 
S 172b5c,4 hit 
L 172bd4,4 hit 
L 172bd4,4 hit 
S 172bd4,4 hit 
S 172bd4,4 hit 
L 172c54,4 hit 
L 172bd8,4 hit 
S 172c54,4 hit 
S 172bd8,4 hit 
L 172cd4,4 hit 
L 172bdc,4 hit 
S 172cd4,4 hit 
S 172bdc,4 hit 
L 172c58,4 hit 
L 172c58,4 hit 
S 172c58,4 hit 
S 172c58,4 hit 
L 172cd8,4 hit 
L 172c5c,4 hit 
S 172cd8,4 hit 
S 172c5c,4 hit 
L 172cdc,4 hit 
L 172cdc,4 hit 
S 172cdc,4 hit 
S 172cdc,4 hit 
L 132960,4 miss eviction 
L 132964,4 hit 
L 132968,4 hit 
L 13296c,4 hit 
L 132970,4 hit 
L 132974,4 hit 
L 132978,4 hit 
L 13297c,4 hit 
S 172d40,4 miss eviction 
S 172dc0,4 miss eviction 
S 172e40,4 miss eviction 
S 172ec0,4 miss eviction 
S 172f40,4 miss eviction 
S 172fc0,4 miss eviction 
S 173040,4 miss eviction 
S 1730c0,4 miss eviction 
L 1329e0,4 miss eviction 
L 1329e4,4 hit 
L 1329e8,4 hit 
L 1329ec,4 hit 
L 1329f0,4 hit 
L 1329f4,4 hit 
L 1329f8,4 hit 
L 1329fc,4 hit 
S 172d44,4 hit 
S 172dc4,4 hit 
S 172e44,4 hit 
S 172ec4,4 hit 
S 172f44,4 hit 
S 172fc4,4 hit 
S 173044,4 hit 
S 1730c4,4 hit 
L 132a60,4 miss eviction 
L 132a64,4 hit 
L 132a68,4 hit 
L 132a6c,4 hit 
L 132a70,4 hit 
L 132a74,4 hit 
L 132a78,4 hit 
L 132a7c,4 hit 
S 172d48,4 hit 
S 172dc8,4 hit 
S 172e48,4 hit 
S 172ec8,4 hit 
S 172f48,4 hit 
S 172fc8,4 hit 
S 173048,4 hit 
S 1730c8,4 hit 
L 132ae0,4 miss eviction 
L 132ae4,4 hit 
L 132ae8,4 hit 
L 132aec,4 hit 
L 132af0,4 hit 
L 132af4,4 hit 
L 132af8,4 hit 
L 132afc,4 hit 
S 172d4c,4 hit 
S 172dcc,4 hit 
S 172e4c,4 hit 
S 172ecc,4 hit 
S 172f4c,4 hit 
S 172fcc,4 hit 
S 17304c,4 hit 
S 1730cc,4 hit 
L 132b60,4 miss eviction 
L 132b64,4 hit 
L 132b68,4 hit 
L 132b6c,4 hit 
L 132b70,4 hit 
L 132b74,4 hit 
L 132b78,4 hit 
L 132b7c,4 hit 
S 172d50,4 hit 
S 172dd0,4 hit 
S 172e50,4 hit 
S 172ed0,4 hit 
S 172f50,4 hit 
S 172fd0,4 hit 
S 173050,4 hit 
S 1730d0,4 hit 
L 132be0,4 miss eviction 
L 132be4,4 hit 
L 132be8,4 hit 
L 132bec,4 hit 
L 132bf0,4 hit 
L 132bf4,4 hit 
L 132bf8,4 hit 
L 132bfc,4 hit 
S 172d54,4 hit 
S 172dd4,4 hit 
S 172e54,4 hit 
S 172ed4,4 hit 
S 172f54,4 hit 
S 172fd4,4 hit 
S 173054,4 hit 
S 1730d4,4 hit 
L 132c60,4 miss eviction 
L 132c64,4 hit 
L 132c68,4 hit 
L 132c6c,4 hit 
L 132c70,4 hit 
L 132c74,4 hit 
L 132c78,4 hit 
L 132c7c,4 hit 
S 172d58,4 hit 
S 172dd8,4 hit 
S 172e58,4 hit 
S 172ed8,4 hit 
S 172f58,4 hit 
S 172fd8,4 hit 
S 173058,4 hit 
S 1730d8,4 hit 
L 132ce0,4 miss eviction 
L 132ce4,4 hit 
L 132ce8,4 hit 
L 132cec,4 hit 
L 132cf0,4 hit 
L 132cf4,4 hit 
L 132cf8,4 hit 
L 132cfc,4 hit 
S 172d5c,4 hit 
S 172ddc,4 hit 
S 172e5c,4 hit 
S 172edc,4 hit 
S 172f5c,4 hit 
S 172fdc,4 hit 
S 17305c,4 hit 
S 1730dc,4 hit 
L 132d00,4 miss eviction 
L 132d04,4 hit 
L 132d08,4 hit 
L 132d0c,4 hit 
L 132d10,4 hit 
L 132d14,4 hit 
L 132d18,4 hit 
L 132d1c,4 hit 
S 172160,4 miss eviction 
S 1721e0,4 miss eviction 
S 172260,4 miss eviction 
S 1722e0,4 miss eviction 
S 172360,4 miss eviction 
S 1723e0,4 miss eviction 
S 172460,4 miss eviction 
S 1724e0,4 miss eviction 
L 132d80,4 miss eviction 
L 132d84,4 hit 
L 132d88,4 hit 
L 132d8c,4 hit 
L 132d90,4 hit 
L 132d94,4 hit 
L 132d98,4 hit 
L 132d9c,4 hit 
S 172164,4 hit 
S 1721e4,4 hit 
S 172264,4 hit 
S 1722e4,4 hit 
S 172364,4 hit 
S 1723e4,4 hit 
S 172464,4 hit 
S 1724e4,4 hit 
L 132e00,4 miss eviction 
L 132e04,4 hit 
L 132e08,4 hit 
L 132e0c,4 hit 
L 132e10,4 hit 
L 132e14,4 hit 
L 132e18,4 hit 
L 132e1c,4 hit 
S 172168,4 hit 
S 1721e8,4 hit 
S 172268,4 hit 
S 1722e8,4 hit 
S 172368,4 hit 
S 1723e8,4 hit 
S 172468,4 hit 
S 1724e8,4 hit 
L 132e80,4 miss eviction 
L 132e84,4 hit 
L 132e88,4 hit 
L 132e8c,4 hit 
L 132e90,4 hit 
L 132e94,4 hit 
L 132e98,4 hit 
L 132e9c,4 hit 
S 17216c,4 hit 
S 1721ec,4 hit 
S 17226c,4 hit 
S 1722ec,4 hit 
S 17236c,4 hit 
S 1723ec,4 hit 
S 17246c,4 hit 
S 1724ec,4 hit 
L 132f00,4 miss eviction 
L 132f04,4 hit 
L 132f08,4 hit 
L 132f0c,4 hit 
L 132f10,4 hit 
L 132f14,4 hit 
L 132f18,4 hit 
L 132f1c,4 hit 
S 172170,4 hit 
S 1721f0,4 hit 
S 172270,4 hit 
S 1722f0,4 hit 
S 172370,4 hit 
S 1723f0,4 hit 
S 172470,4 hit 
S 1724f0,4 hit 
L 132f80,4 miss eviction 
L 132f84,4 hit 
L 132f88,4 hit 
L 132f8c,4 hit 
L 132f90,4 hit 
L 132f94,4 hit 
L 132f98,4 hit 
L 132f9c,4 hit 
S 172174,4 hit 
S 1721f4,4 hit 
S 172274,4 hit 
S 1722f4,4 hit 
S 172374,4 hit 
S 1723f4,4 hit 
S 172474,4 hit 
S 1724f4,4 hit 
L 133000,4 miss eviction 
L 133004,4 hit 
L 133008,4 hit 
L 13300c,4 hit 
L 133010,4 hit 
L 133014,4 hit 
L 133018,4 hit 
L 13301c,4 hit 
S 172178,4 hit 
S 1721f8,4 hit 
S 172278,4 hit 
S 1722f8,4 hit 
S 172378,4 hit 
S 1723f8,4 hit 
S 172478,4 hit 
S 1724f8,4 hit 
L 133080,4 miss eviction 
L 133084,4 hit 
L 133088,4 hit 
L 13308c,4 hit 
L 133090,4 hit 
L 133094,4 hit 
L 133098,4 hit 
L 13309c,4 hit 
S 17217c,4 hit 
S 1721fc,4 hit 
S 17227c,4 hit 
S 1722fc,4 hit 
S 17237c,4 hit 
S 1723fc,4 hit 
S 17247c,4 hit 
S 1724fc,4 hit 
L 132d20,4 miss eviction 
L 132d24,4 hit 
L 132d28,4 hit 
L 132d2c,4 hit 
L 132d30,4 hit 
L 132d34,4 hit 
L 132d38,4 hit 
L 132d3c,4 hit 
S 172560,4 miss eviction 
S 1725e0,4 miss eviction 
S 172660,4 miss eviction 
S 1726e0,4 miss eviction 
S 172760,4 miss eviction 
S 1727e0,4 miss eviction 
S 172860,4 miss eviction 
S 1728e0,4 miss eviction 
L 132da0,4 miss eviction 
L 132da4,4 hit 
L 132da8,4 hit 
L 132dac,4 hit 
L 132db0,4 hit 
L 132db4,4 hit 
L 132db8,4 hit 
L 132dbc,4 hit 
S 172564,4 hit 
S 1725e4,4 hit 
S 172664,4 hit 
S 1726e4,4 hit 
S 172764,4 hit 
S 1727e4,4 hit 
S 172864,4 hit 
S 1728e4,4 hit 
L 132e20,4 miss eviction 
L 132e24,4 hit 
L 132e28,4 hit 
L 132e2c,4 hit 
L 132e30,4 hit 
L 132e34,4 hit 
L 132e38,4 hit 
L 132e3c,4 hit 
S 172568,4 hit 
S 1725e8,4 hit 
S 172668,4 hit 
S 1726e8,4 hit 
S 172768,4 hit 
S 1727e8,4 hit 
S 172868,4 hit 
S 1728e8,4 hit 
L 132ea0,4 miss eviction 
L 132ea4,4 hit 
L 132ea8,4 hit 
L 132eac,4 hit 
L 132eb0,4 hit 
L 132eb4,4 hit 
L 132eb8,4 hit 
L 132ebc,4 hit 
S 17256c,4 hit 
S 1725ec,4 hit 
S 17266c,4 hit 
S 1726ec,4 hit 
S 17276c,4 hit 
S 1727ec,4 hit 
S 17286c,4 hit 
S 1728ec,4 hit 
L 132f20,4 miss eviction 
L 132f24,4 hit 
L 132f28,4 hit 
L 132f2c,4 hit 
L 132f30,4 hit 
L 132f34,4 hit 
L 132f38,4 hit 
L 132f3c,4 hit 
S 172570,4 hit 
S 1725f0,4 hit 
S 172670,4 hit 
S 1726f0,4 hit 
S 172770,4 hit 
S 1727f0,4 hit 
S 172870,4 hit 
S 1728f0,4 hit 
L 132fa0,4 miss eviction 
L 132fa4,4 hit 
L 132fa8,4 hit 
L 132fac,4 hit 
L 132fb0,4 hit 
L 132fb4,4 hit 
L 132fb8,4 hit 
L 132fbc,4 hit 
S 172574,4 hit 
S 1725f4,4 hit 
S 172674,4 hit 
S 1726f4,4 hit 
S 172774,4 hit 
S 1727f4,4 hit 
S 172874,4 hit 
S 1728f4,4 hit 
L 133020,4 miss eviction 
L 133024,4 hit 
L 133028,4 hit 
L 13302c,4 hit 
L 133030,4 hit 
L 133034,4 hit 
L 133038,4 hit 
L 13303c,4 hit 
S 172578,4 hit 
S 1725f8,4 hit 
S 172678,4 hit 
S 1726f8,4 hit 
S 172778,4 hit 
S 1727f8,4 hit 
S 172878,4 hit 
S 1728f8,4 hit 
L 1330a0,4 miss eviction 
L 1330a4,4 hit 
L 1330a8,4 hit 
L 1330ac,4 hit 
L 1330b0,4 hit 
L 1330b4,4 hit 
L 1330b8,4 hit 
L 1330bc,4 hit 
S 17257c,4 hit 
S 1725fc,4 hit 
S 17267c,4 hit 
S 1726fc,4 hit 
S 17277c,4 hit 
S 1727fc,4 hit 
S 17287c,4 hit 
S 1728fc,4 hit 
L 132d40,4 miss eviction 
L 132d44,4 hit 
L 132d48,4 hit 
L 132d4c,4 hit 
L 132d50,4 hit 
L 132d54,4 hit 
L 132d58,4 hit 
L 132d5c,4 hit 
S 172960,4 miss eviction 
S 1729e0,4 miss eviction 
S 172a60,4 miss eviction 
S 172ae0,4 miss eviction 
S 172b60,4 miss eviction 
S 172be0,4 miss eviction 
S 172c60,4 miss eviction 
S 172ce0,4 miss eviction 
L 132dc0,4 miss eviction 
L 132dc4,4 hit 
L 132dc8,4 hit 
L 132dcc,4 hit 
L 132dd0,4 hit 
L 132dd4,4 hit 
L 132dd8,4 hit 
L 132ddc,4 hit 
S 172964,4 hit 
S 1729e4,4 hit 
S 172a64,4 hit 
S 172ae4,4 hit 
S 172b64,4 hit 
S 172be4,4 hit 
S 172c64,4 hit 
S 172ce4,4 hit 
L 132e40,4 miss eviction 
L 132e44,4 hit 
L 132e48,4 hit 
L 132e4c,4 hit 
L 132e50,4 hit 
L 132e54,4 hit 
L 132e58,4 hit 
L 132e5c,4 hit 
S 172968,4 hit 
S 1729e8,4 hit 
S 172a68,4 hit 
S 172ae8,4 hit 
S 172b68,4 hit 
S 172be8,4 hit 
S 172c68,4 hit 
S 172ce8,4 hit 
L 132ec0,4 miss eviction 
L 132ec4,4 hit 
L 132ec8,4 hit 
L 132ecc,4 hit 
L 132ed0,4 hit 
L 132ed4,4 hit 
L 132ed8,4 hit 
L 132edc,4 hit 
S 17296c,4 hit 
S 1729ec,4 hit 
S 172a6c,4 hit 
S 172aec,4 hit 
S 172b6c,4 hit 
S 172bec,4 hit 
S 172c6c,4 hit 
S 172cec,4 hit 
L 132f40,4 miss eviction 
L 132f44,4 hit 
L 132f48,4 hit 
L 132f4c,4 hit 
L 132f50,4 hit 
L 132f54,4 hit 
L 132f58,4 hit 
L 132f5c,4 hit 
S 172970,4 hit 
S 1729f0,4 hit 
S 172a70,4 hit 
S 172af0,4 hit 
S 172b70,4 hit 
S 172bf0,4 hit 
S 172c70,4 hit 
S 172cf0,4 hit 
L 132fc0,4 miss eviction 
L 132fc4,4 hit 
L 132fc8,4 hit 
L 132fcc,4 hit 
L 132fd0,4 hit 
L 132fd4,4 hit 
L 132fd8,4 hit 
L 132fdc,4 hit 
S 172974,4 hit 
S 1729f4,4 hit 
S 172a74,4 hit 
S 172af4,4 hit 
S 172b74,4 hit 
S 172bf4,4 hit 
S 172c74,4 hit 
S 172cf4,4 hit 
L 133040,4 miss eviction 
L 133044,4 hit 
L 133048,4 hit 
L 13304c,4 hit 
L 133050,4 hit 
L 133054,4 hit 
L 133058,4 hit 
L 13305c,4 hit 
S 172978,4 hit 
S 1729f8,4 hit 
S 172a78,4 hit 
S 172af8,4 hit 
S 172b78,4 hit 
S 172bf8,4 hit 
S 172c78,4 hit 
S 172cf8,4 hit 
L 1330c0,4 miss eviction 
L 1330c4,4 hit 
L 1330c8,4 hit 
L 1330cc,4 hit 
L 1330d0,4 hit 
L 1330d4,4 hit 
L 1330d8,4 hit 
L 1330dc,4 hit 
S 17297c,4 hit 
S 1729fc,4 hit 
S 172a7c,4 hit 
S 172afc,4 hit 
S 172b7c,4 hit 
S 172bfc,4 hit 
S 172c7c,4 hit 
S 172cfc,4 hit 
L 132d60,4 miss eviction 
L 132d64,4 hit 
L 132d68,4 hit 
L 132d6c,4 hit 
L 132d70,4 hit 
L 132d74,4 hit 
L 132d78,4 hit 
L 132d7c,4 hit 
S 172d60,4 miss eviction 
S 172d64,4 hit 
S 172d68,4 hit 
S 172d6c,4 hit 
S 172d70,4 hit 
S 172d74,4 hit 
S 172d78,4 hit 
S 172d7c,4 hit 
L 132de0,4 miss eviction 
L 132de4,4 hit 
L 132de8,4 hit 
L 132dec,4 hit 
L 132df0,4 hit 
L 132df4,4 hit 
L 132df8,4 hit 
L 132dfc,4 hit 
S 172de0,4 miss eviction 
S 172de4,4 hit 
S 172de8,4 hit 
S 172dec,4 hit 
S 172df0,4 hit 
S 172df4,4 hit 
S 172df8,4 hit 
S 172dfc,4 hit 
L 132e60,4 miss eviction 
L 132e64,4 hit 
L 132e68,4 hit 
L 132e6c,4 hit 
L 132e70,4 hit 
L 132e74,4 hit 
L 132e78,4 hit 
L 132e7c,4 hit 
S 172e60,4 miss eviction 
S 172e64,4 hit 
S 172e68,4 hit 
S 172e6c,4 hit 
S 172e70,4 hit 
S 172e74,4 hit 
S 172e78,4 hit 
S 172e7c,4 hit 
L 132ee0,4 miss eviction 
L 132ee4,4 hit 
L 132ee8,4 hit 
L 132eec,4 hit 
L 132ef0,4 hit 
L 132ef4,4 hit 
L 132ef8,4 hit 
L 132efc,4 hit 
S 172ee0,4 miss eviction 
S 172ee4,4 hit 
S 172ee8,4 hit 
S 172eec,4 hit 
S 172ef0,4 hit 
S 172ef4,4 hit 
S 172ef8,4 hit 
S 172efc,4 hit 
L 132f60,4 miss eviction 
L 132f64,4 hit 
L 132f68,4 hit 
L 132f6c,4 hit 
L 132f70,4 hit 
L 132f74,4 hit 
L 132f78,4 hit 
L 132f7c,4 hit 
S 172f60,4 miss eviction 
S 172f64,4 hit 
S 172f68,4 hit 
S 172f6c,4 hit 
S 172f70,4 hit 
S 172f74,4 hit 
S 172f78,4 hit 
S 172f7c,4 hit 
L 132fe0,4 miss eviction 
L 132fe4,4 hit 
L 132fe8,4 hit 
L 132fec,4 hit 
L 132ff0,4 hit 
L 132ff4,4 hit 
L 132ff8,4 hit 
L 132ffc,4 hit 
S 172fe0,4 miss eviction 
S 172fe4,4 hit 
S 172fe8,4 hit 
S 172fec,4 hit 
S 172ff0,4 hit 
S 172ff4,4 hit 
S 172ff8,4 hit 
S 172ffc,4 hit 
L 133060,4 miss eviction 
L 133064,4 hit 
L 133068,4 hit 
L 13306c,4 hit 
L 133070,4 hit 
L 133074,4 hit 
L 133078,4 hit 
L 13307c,4 hit 
S 173060,4 miss eviction 
S 173064,4 hit 
S 173068,4 hit 
S 17306c,4 hit 
S 173070,4 hit 
S 173074,4 hit 
S 173078,4 hit 
S 17307c,4 hit 
L 1330e0,4 miss eviction 
L 1330e4,4 hit 
L 1330e8,4 hit 
L 1330ec,4 hit 
L 1330f0,4 hit 
L 1330f4,4 hit 
L 1330f8,4 hit 
L 1330fc,4 hit 
S 1730e0,4 miss eviction 
S 1730e4,4 hit 
S 1730e8,4 hit 
S 1730ec,4 hit 
S 1730f0,4 hit 
S 1730f4,4 hit 
S 1730f8,4 hit 
S 1730fc,4 hit 
L 172d60,4 hit 
L 172d60,4 hit 
S 172d60,4 hit 
S 172d60,4 hit 
L 172de0,4 hit 
L 172d64,4 hit 
S 172de0,4 hit 
S 172d64,4 hit 
L 172e60,4 hit 
L 172d68,4 hit 
S 172e60,4 hit 
S 172d68,4 hit 
L 172ee0,4 hit 
L 172d6c,4 hit 
S 172ee0,4 hit 
S 172d6c,4 hit 
L 172f60,4 hit 
L 172d70,4 hit 
S 172f60,4 hit 
S 172d70,4 hit 
L 172fe0,4 hit 
L 172d74,4 hit 
S 172fe0,4 hit 
S 172d74,4 hit 
L 173060,4 hit 
L 172d78,4 hit 
S 173060,4 hit 
S 172d78,4 hit 
L 1730e0,4 hit 
L 172d7c,4 hit 
S 1730e0,4 hit 
S 172d7c,4 hit 
L 172de4,4 hit 
L 172de4,4 hit 
S 172de4,4 hit 
S 172de4,4 hit 
L 172e64,4 hit 
L 172de8,4 hit 
S 172e64,4 hit 
S 172de8,4 hit 
L 172ee4,4 hit 
L 172dec,4 hit 
S 172ee4,4 hit 
S 172dec,4 hit 
L 172f64,4 hit 
L 172df0,4 hit 
S 172f64,4 hit 
S 172df0,4 hit 
L 172fe4,4 hit 
L 172df4,4 hit 
S 172fe4,4 hit 
S 172df4,4 hit 
L 173064,4 hit 
L 172df8,4 hit 
S 173064,4 hit 
S 172df8,4 hit 
L 1730e4,4 hit 
L 172dfc,4 hit 
S 1730e4,4 hit 
S 172dfc,4 hit 
L 172e68,4 hit 
L 172e68,4 hit 
S 172e68,4 hit 
S 172e68,4 hit 
L 172ee8,4 hit 
L 172e6c,4 hit 
S 172ee8,4 hit 
S 172e6c,4 hit 
L 172f68,4 hit 
L 172e70,4 hit 
S 172f68,4 hit 
S 172e70,4 hit 
L 172fe8,4 hit 
L 172e74,4 hit 
S 172fe8,4 hit 
S 172e74,4 hit 
L 173068,4 hit 
L 172e78,4 hit 
S 173068,4 hit 
S 172e78,4 hit 
L 1730e8,4 hit 
L 172e7c,4 hit 
S 1730e8,4 hit 
S 172e7c,4 hit 
L 172eec,4 hit 
L 172eec,4 hit 
S 172eec,4 hit 
S 172eec,4 hit 
L 172f6c,4 hit 
L 172ef0,4 hit 
S 172f6c,4 hit 
S 172ef0,4 hit 
L 172fec,4 hit 
L 172ef4,4 hit 
S 172fec,4 hit 
S 172ef4,4 hit 
L 17306c,4 hit 
L 172ef8,4 hit 
S 17306c,4 hit 
S 172ef8,4 hit 
L 1730ec,4 hit 
L 172efc,4 hit 
S 1730ec,4 hit 
S 172efc,4 hit 
L 172f70,4 hit 
L 172f70,4 hit 
S 172f70,4 hit 
S 172f70,4 hit 
L 172ff0,4 hit 
L 172f74,4 hit 
S 172ff0,4 hit 
S 172f74,4 hit 
L 173070,4 hit 
L 172f78,4 hit 
S 173070,4 hit 
S 172f78,4 hit 
L 1730f0,4 hit 
L 172f7c,4 hit 
S 1730f0,4 hit 
S 172f7c,4 hit 
L 172ff4,4 hit 
L 172ff4,4 hit 
S 172ff4,4 hit 
S 172ff4,4 hit 
L 173074,4 hit 
L 172ff8,4 hit 
S 173074,4 hit 
S 172ff8,4 hit 
L 1730f4,4 hit 
L 172ffc,4 hit 
S 1730f4,4 hit 
S 172ffc,4 hit 
L 173078,4 hit 
L 173078,4 hit 
S 173078,4 hit 
S 173078,4 hit 
L 1730f8,4 hit 
L 17307c,4 hit 
S 1730f8,4 hit 
S 17307c,4 hit 
L 1730fc,4 hit 
L 1730fc,4 hit 
S 1730fc,4 hit 
S 1730fc,4 hit 
S 1320e1,1 miss eviction 
hits:2369 misses:260 evictions:228
